// DO NOT EDIT: This file is machine-generated by fidlgen
#![warn(clippy::all)]
#![allow(unused_parens, unused_variables, unused_mut, unused_imports, unreachable_code)]

pub const BOOL: bool = true;

::fidl_next::bitflags! {

    #[derive(
        Clone,
        Copy,
        Debug,
        PartialEq,
        Eq,
        Hash,
    )]
    pub struct Bits: u32 {
        const B = 8;

    }
}

impl ::fidl_next::Encodable for Bits {
    type Encoded<'buf> = WireBits;
}

impl<___E> ::fidl_next::Encode<___E> for Bits
where
    ___E: ?Sized,
{
    fn encode(
        &mut self,
        _: &mut ___E,
        slot: ::fidl_next::Slot<'_, Self::Encoded<'_>>,
    ) -> Result<(), ::fidl_next::EncodeError> {
        ::fidl_next::munge!(let WireBits { mut value } = slot);
        *value = ::fidl_next::u32_le::from(self.bits());
        Ok(())
    }
}

impl ::core::convert::From<WireBits> for Bits {
    fn from(wire: WireBits) -> Self {
        Self::from_bits_retain(u32::from(wire.value))
    }
}

impl ::fidl_next::TakeFrom<WireBits> for Bits {
    fn take_from(from: &mut WireBits) -> Self {
        Self::from(*from)
    }
}

/// The wire type corresponding to [`Bits`].
#[derive(Clone, Copy, Debug)]
#[repr(transparent)]
pub struct WireBits {
    value: ::fidl_next::u32_le,
}

unsafe impl<___D> ::fidl_next::Decode<___D> for WireBits
where
    ___D: ?Sized,
{
    fn decode(
        slot: ::fidl_next::Slot<'_, Self>,
        _: &mut ___D,
    ) -> Result<(), ::fidl_next::DecodeError> {
        ::fidl_next::munge!(let Self { value } = slot);
        let set = u32::from(*value);
        if set & !Bits::all().bits() != 0 {
            return Err(::fidl_next::DecodeError::InvalidBits {
                expected: Bits::all().bits() as usize,
                actual: set as usize,
            });
        }

        Ok(())
    }
}

impl ::core::convert::From<Bits> for WireBits {
    fn from(natural: Bits) -> Self {
        Self { value: ::fidl_next::u32_le::from(natural.bits()) }
    }
}

pub const UINT32: u32 = 4;

::fidl_next::bitflags! {

    #[derive(
        Clone,
        Copy,
        Debug,
        PartialEq,
        Eq,
        Hash,
    )]
    pub struct BitsType: u32 {
        const VALUE = 1;
        const SECOND_VALUE = 4;
        const THIRD_VALUE = 2;

    }
}

impl ::fidl_next::Encodable for BitsType {
    type Encoded<'buf> = WireBitsType;
}

impl<___E> ::fidl_next::Encode<___E> for BitsType
where
    ___E: ?Sized,
{
    fn encode(
        &mut self,
        _: &mut ___E,
        slot: ::fidl_next::Slot<'_, Self::Encoded<'_>>,
    ) -> Result<(), ::fidl_next::EncodeError> {
        ::fidl_next::munge!(let WireBitsType { mut value } = slot);
        *value = ::fidl_next::u32_le::from(self.bits());
        Ok(())
    }
}

impl ::core::convert::From<WireBitsType> for BitsType {
    fn from(wire: WireBitsType) -> Self {
        Self::from_bits_retain(u32::from(wire.value))
    }
}

impl ::fidl_next::TakeFrom<WireBitsType> for BitsType {
    fn take_from(from: &mut WireBitsType) -> Self {
        Self::from(*from)
    }
}

/// The wire type corresponding to [`BitsType`].
#[derive(Clone, Copy, Debug)]
#[repr(transparent)]
pub struct WireBitsType {
    value: ::fidl_next::u32_le,
}

unsafe impl<___D> ::fidl_next::Decode<___D> for WireBitsType
where
    ___D: ?Sized,
{
    fn decode(
        slot: ::fidl_next::Slot<'_, Self>,
        _: &mut ___D,
    ) -> Result<(), ::fidl_next::DecodeError> {
        ::fidl_next::munge!(let Self { value } = slot);
        let set = u32::from(*value);
        if set & !BitsType::all().bits() != 0 {
            return Err(::fidl_next::DecodeError::InvalidBits {
                expected: BitsType::all().bits() as usize,
                actual: set as usize,
            });
        }

        Ok(())
    }
}

impl ::core::convert::From<BitsType> for WireBitsType {
    fn from(natural: BitsType) -> Self {
        Self { value: ::fidl_next::u32_le::from(natural.bits()) }
    }
}

#[derive(Clone, Copy, Debug)]
#[repr(u32)]
pub enum Enum {
    E = 170,
}

impl ::fidl_next::Encodable for Enum {
    type Encoded<'buf> = WireEnum;
}

impl<___E> ::fidl_next::Encode<___E> for Enum
where
    ___E: ?Sized,
{
    fn encode(
        &mut self,
        _: &mut ___E,
        slot: ::fidl_next::Slot<'_, Self::Encoded<'_>>,
    ) -> Result<(), ::fidl_next::EncodeError> {
        ::fidl_next::munge!(let WireEnum { mut value } = slot);
        *value = ::fidl_next::u32_le::from(match *self {
            Self::E => 170,
        });

        Ok(())
    }
}

impl ::core::convert::From<WireEnum> for Enum {
    fn from(wire: WireEnum) -> Self {
        match u32::from(wire.value) {
            170 => Self::E,

            _ => unsafe { ::core::hint::unreachable_unchecked() },
        }
    }
}

impl ::fidl_next::TakeFrom<WireEnum> for Enum {
    fn take_from(from: &mut WireEnum) -> Self {
        Self::from(*from)
    }
}

/// The wire type corresponding to [`Enum`].
#[derive(Clone, Copy, Debug)]
#[repr(transparent)]
pub struct WireEnum {
    value: ::fidl_next::u32_le,
}

impl WireEnum {
    pub const E: WireEnum = WireEnum { value: ::fidl_next::u32_le::from_native(170) };
}

unsafe impl<___D> ::fidl_next::Decode<___D> for WireEnum
where
    ___D: ?Sized,
{
    fn decode(
        slot: ::fidl_next::Slot<'_, Self>,
        _: &mut ___D,
    ) -> Result<(), ::fidl_next::DecodeError> {
        ::fidl_next::munge!(let Self { value } = slot);

        match u32::from(*value) {
            170 => (),
            unknown => return Err(::fidl_next::DecodeError::InvalidEnumOrdinal(unknown as i128)),
        }

        Ok(())
    }
}

impl ::core::convert::From<Enum> for WireEnum {
    fn from(natural: Enum) -> Self {
        match natural {
            Enum::E => WireEnum::E,
        }
    }
}

#[derive(Clone, Copy, Debug)]
#[repr(i32)]
pub enum EnumType {
    Value = 3,
    SecondValue = 4,
}

impl ::fidl_next::Encodable for EnumType {
    type Encoded<'buf> = WireEnumType;
}

impl<___E> ::fidl_next::Encode<___E> for EnumType
where
    ___E: ?Sized,
{
    fn encode(
        &mut self,
        _: &mut ___E,
        slot: ::fidl_next::Slot<'_, Self::Encoded<'_>>,
    ) -> Result<(), ::fidl_next::EncodeError> {
        ::fidl_next::munge!(let WireEnumType { mut value } = slot);
        *value = ::fidl_next::i32_le::from(match *self {
            Self::Value => 3,

            Self::SecondValue => 4,
        });

        Ok(())
    }
}

impl ::core::convert::From<WireEnumType> for EnumType {
    fn from(wire: WireEnumType) -> Self {
        match i32::from(wire.value) {
            3 => Self::Value,

            4 => Self::SecondValue,

            _ => unsafe { ::core::hint::unreachable_unchecked() },
        }
    }
}

impl ::fidl_next::TakeFrom<WireEnumType> for EnumType {
    fn take_from(from: &mut WireEnumType) -> Self {
        Self::from(*from)
    }
}

/// The wire type corresponding to [`EnumType`].
#[derive(Clone, Copy, Debug)]
#[repr(transparent)]
pub struct WireEnumType {
    value: ::fidl_next::i32_le,
}

impl WireEnumType {
    pub const VALUE: WireEnumType = WireEnumType { value: ::fidl_next::i32_le::from_native(3) };

    pub const SECOND_VALUE: WireEnumType =
        WireEnumType { value: ::fidl_next::i32_le::from_native(4) };
}

unsafe impl<___D> ::fidl_next::Decode<___D> for WireEnumType
where
    ___D: ?Sized,
{
    fn decode(
        slot: ::fidl_next::Slot<'_, Self>,
        _: &mut ___D,
    ) -> Result<(), ::fidl_next::DecodeError> {
        ::fidl_next::munge!(let Self { value } = slot);

        match i32::from(*value) {
            3 | 4 => (),
            unknown => return Err(::fidl_next::DecodeError::InvalidEnumOrdinal(unknown as i128)),
        }

        Ok(())
    }
}

impl ::core::convert::From<EnumType> for WireEnumType {
    fn from(natural: EnumType) -> Self {
        match natural {
            EnumType::Value => WireEnumType::VALUE,

            EnumType::SecondValue => WireEnumType::SECOND_VALUE,
        }
    }
}

pub const FLOAT32: f32 = 3.14159;

pub const FLOAT64: f64 = 3.14159;

pub const INT16: i16 = 4;

pub const INT32: i32 = 4;

pub const INT64: i64 = 4;

pub const INT8: i8 = 4;

pub const STRING: &str = "string";

#[derive(Clone, Debug)]
pub struct Struct {
    pub int64_with_default: i64,

    pub string_with_default: String,

    pub bool_with_default: bool,

    pub enum_with_default: crate::Enum,

    pub bits_with_default: crate::Bits,
}

impl ::fidl_next::Encodable for Struct {
    type Encoded<'buf> = WireStruct<'buf>;
}

impl<___E> ::fidl_next::Encode<___E> for Struct
where
    i64: ::fidl_next::Encode<___E>,

    String: ::fidl_next::Encode<___E>,

    bool: ::fidl_next::Encode<___E>,

    crate::Enum: ::fidl_next::Encode<___E>,

    crate::Bits: ::fidl_next::Encode<___E>,
{
    fn encode(
        &mut self,
        encoder: &mut ___E,
        slot: ::fidl_next::Slot<'_, Self::Encoded<'_>>,
    ) -> Result<(), ::fidl_next::EncodeError> {
        ::fidl_next::munge! {
            let Self::Encoded {
                int64_with_default,
                string_with_default,
                bool_with_default,
                enum_with_default,
                bits_with_default,

            } = slot;
        }

        ::fidl_next::Encode::encode(&mut self.int64_with_default, encoder, int64_with_default)?;

        ::fidl_next::Encode::encode(&mut self.string_with_default, encoder, string_with_default)?;

        ::fidl_next::Encode::encode(&mut self.bool_with_default, encoder, bool_with_default)?;

        ::fidl_next::Encode::encode(&mut self.enum_with_default, encoder, enum_with_default)?;

        ::fidl_next::Encode::encode(&mut self.bits_with_default, encoder, bits_with_default)?;

        Ok(())
    }
}

impl ::fidl_next::EncodableOption for Box<Struct> {
    type EncodedOption<'buf> = ::fidl_next::WireBox<'buf, WireStruct<'buf>>;
}

impl<___E> ::fidl_next::EncodeOption<___E> for Box<Struct>
where
    ___E: ::fidl_next::Encoder + ?Sized,
    Struct: ::fidl_next::Encode<___E>,
{
    fn encode_option(
        this: Option<&mut Self>,
        encoder: &mut ___E,
        slot: ::fidl_next::Slot<'_, Self::EncodedOption<'_>>,
    ) -> Result<(), ::fidl_next::EncodeError> {
        if let Some(inner) = this {
            ::fidl_next::EncoderExt::encode_next(encoder, inner)?;
            ::fidl_next::WireBox::encode_present(slot);
        } else {
            ::fidl_next::WireBox::encode_absent(slot);
        }

        Ok(())
    }
}

impl<'buf> ::fidl_next::TakeFrom<WireStruct<'buf>> for Struct {
    fn take_from(from: &mut WireStruct<'buf>) -> Self {
        Self {
            int64_with_default: ::fidl_next::TakeFrom::take_from(&mut from.int64_with_default),

            string_with_default: ::fidl_next::TakeFrom::take_from(&mut from.string_with_default),

            bool_with_default: ::fidl_next::TakeFrom::take_from(&mut from.bool_with_default),

            enum_with_default: ::fidl_next::TakeFrom::take_from(&mut from.enum_with_default),

            bits_with_default: ::fidl_next::TakeFrom::take_from(&mut from.bits_with_default),
        }
    }
}

/// The wire type corersponding to [`Struct`].
#[derive(Debug)]
#[repr(C)]
pub struct WireStruct<'buf> {
    pub int64_with_default: ::fidl_next::i64_le,

    pub string_with_default: ::fidl_next::WireString<'buf>,

    pub bool_with_default: bool,

    pub enum_with_default: crate::WireEnum,

    pub bits_with_default: crate::WireBits,
}

unsafe impl<'buf, ___D> ::fidl_next::Decode<___D> for WireStruct<'buf>
where
    ___D: ?Sized,

    ::fidl_next::i64_le: ::fidl_next::Decode<___D>,

    ::fidl_next::WireString<'buf>: ::fidl_next::Decode<___D>,

    bool: ::fidl_next::Decode<___D>,

    crate::WireEnum: ::fidl_next::Decode<___D>,

    crate::WireBits: ::fidl_next::Decode<___D>,
{
    fn decode(
        slot: ::fidl_next::Slot<'_, Self>,
        decoder: &mut ___D,
    ) -> Result<(), ::fidl_next::DecodeError> {
        ::fidl_next::munge! {
            let Self {
                mut int64_with_default,
                mut string_with_default,
                mut bool_with_default,
                mut enum_with_default,
                mut bits_with_default,

            } = slot;
        }

        ::fidl_next::Decode::decode(int64_with_default.as_mut(), decoder)?;

        ::fidl_next::Decode::decode(string_with_default.as_mut(), decoder)?;

        ::fidl_next::Decode::decode(bool_with_default.as_mut(), decoder)?;

        ::fidl_next::Decode::decode(enum_with_default.as_mut(), decoder)?;

        ::fidl_next::Decode::decode(bits_with_default.as_mut(), decoder)?;

        Ok(())
    }
}

pub const UINT16: u16 = 4;

pub const UINT64: u64 = 4;

pub const UINT8: u8 = 4;

pub const BITS_PRIMITIVE_VAL: u32 = 1;

pub const BITS_VAL: crate::BitsType = crate::BitsType::VALUE;

pub const ENUM_PRIMITIVE_VAL: i32 = 3;

pub const ENUM_VAL: crate::EnumType = crate::EnumType::Value;

pub const OR_RESULT: crate::BitsType = crate::BitsType::from_bits_retain(7);

pub const OR_RESULT_PRIMITIVE_VAL: u32 = 5;
