// WARNING: This file is machine generated by fidlgen.

// fidl_experiment = output_index_json

#pragma once

#include <fidl/test.serializable/cpp/wire.h>

// For ::fidl::fuzzing::DecoderEncoderImpl.
#include <lib/fidl/cpp/fuzzing/decoder_encoder.h>

namespace fuzzing {

inline constexpr ::std::array<::fidl::fuzzing::DecoderEncoderForType, 4>
    test_serializable_decoder_encoders = {
        ::fidl::fuzzing::DecoderEncoderForType{
            .fidl_type_name = "::test_serializable::wire::SerializableStruct",
            .has_flexible_envelope = false,
            .treat_bytes_as_transactional_message = false,
            .decoder_encoder = ::fidl::fuzzing::DecoderEncoderImpl<::test_serializable::wire::SerializableStruct, false>,
        },
        ::fidl::fuzzing::DecoderEncoderForType{
            .fidl_type_name = "A transactional message using ::test_serializable::wire::SerializableStruct as the body",
            .has_flexible_envelope = false,
            .treat_bytes_as_transactional_message = true,
            .decoder_encoder = ::fidl::fuzzing::DecoderEncoderImpl<::test_serializable::wire::SerializableStruct, true>,
        },
        ::fidl::fuzzing::DecoderEncoderForType{
            .fidl_type_name = "::test_serializable::wire::SerializableTable",
            .has_flexible_envelope = true,
            .treat_bytes_as_transactional_message = false,
            .decoder_encoder = ::fidl::fuzzing::DecoderEncoderImpl<::test_serializable::wire::SerializableTable, false>,
        },
        ::fidl::fuzzing::DecoderEncoderForType{
            .fidl_type_name = "A transactional message using ::test_serializable::wire::SerializableTable as the body",
            .has_flexible_envelope = true,
            .treat_bytes_as_transactional_message = true,
            .decoder_encoder = ::fidl::fuzzing::DecoderEncoderImpl<::test_serializable::wire::SerializableTable, true>,
        },
};

}  // namespace fuzzing
