// WARNING: This file is machine generated by fidlgen.

// fidl_experiment = output_index_json

#pragma once

#include <test/serializable/cpp/fidl.h>
