{
  "name": "components",
  "description": "Components.",
  "examples": [],
  "flags": [
    {
      "kind": "Switch",
      "optionality": "optional",
      "long": "--help",
      "short": null,
      "description": "display usage information",
      "hidden": false
    },
    {
      "kind": "Switch",
      "optionality": "optional",
      "long": "--stdin-input",
      "short": null,
      "description": "loads the unprocessed memory information as json from stdin.",
      "hidden": false
    },
    {
      "kind": "Switch",
      "optionality": "optional",
      "long": "--debug-json",
      "short": null,
      "description": "outputs the unprocessed memory information from the device as json.",
      "hidden": false
    }
  ],
  "notes": [],
  "commands": [],
  "positionals": [],
  "error_codes": []
}