{
  "name": "namespace",
  "description": "A command to specify a filtering namespace",
  "examples": [],
  "flags": [
    {
      "kind": "Switch",
      "optionality": "optional",
      "long": "--help",
      "short": null,
      "description": "display usage information",
      "hidden": false
    },
    {
      "kind": {
        "Option": {
          "arg_name": "name"
        }
      },
      "optionality": "required",
      "long": "--name",
      "short": null,
      "description": "the name of the namespace",
      "hidden": false
    },
    {
      "kind": {
        "Option": {
          "arg_name": "domain"
        }
      },
      "optionality": "optional",
      "long": "--domain",
      "short": null,
      "description": "the IP domain of the namespace",
      "hidden": false
    }
  ],
  "notes": [],
  "commands": [],
  "positionals": [],
  "error_codes": []
}