{
  "name": "routine",
  "description": "A command to specify a filtering routine",
  "examples": [],
  "flags": [
    {
      "kind": "Switch",
      "optionality": "optional",
      "long": "--help",
      "short": null,
      "description": "display usage information",
      "hidden": false
    },
    {
      "kind": {
        "Option": {
          "arg_name": "namespace"
        }
      },
      "optionality": "required",
      "long": "--namespace",
      "short": null,
      "description": "the namespace that contains the routine",
      "hidden": false
    },
    {
      "kind": {
        "Option": {
          "arg_name": "name"
        }
      },
      "optionality": "required",
      "long": "--name",
      "short": null,
      "description": "the name of the routine",
      "hidden": false
    },
    {
      "kind": {
        "Option": {
          "arg_name": "type"
        }
      },
      "optionality": "required",
      "long": "--type",
      "short": null,
      "description": "the type of the routine (IP or NAT)",
      "hidden": false
    },
    {
      "kind": {
        "Option": {
          "arg_name": "hook"
        }
      },
      "optionality": "optional",
      "long": "--hook",
      "short": null,
      "description": "the hook on which the routine is installed (optional)",
      "hidden": false
    },
    {
      "kind": {
        "Option": {
          "arg_name": "priority"
        }
      },
      "optionality": "optional",
      "long": "--priority",
      "short": null,
      "description": "the priority of the routine on its hook (optional)",
      "hidden": false
    }
  ],
  "notes": [],
  "commands": [],
  "positionals": [],
  "error_codes": []
}