{
  "$schema": "http://json-schema.org/draft-07/schema#",
  "title": "CommandResult",
  "oneOf": [
    {
      "description": "Success.",
      "type": "object",
      "required": [
        "ok"
      ],
      "properties": {
        "ok": {
          "type": "object",
          "required": [
            "data"
          ],
          "properties": {
            "data": {
              "type": "array",
              "items": {
                "$ref": "#/definitions/FileHashEntry"
              }
            }
          }
        }
      },
      "additionalProperties": false
    },
    {
      "description": "Unexpected error with string denoting error message.",
      "type": "object",
      "required": [
        "unexpected_error"
      ],
      "properties": {
        "unexpected_error": {
          "type": "string"
        }
      },
      "additionalProperties": false
    },
    {
      "description": "A known error that can be reported to the user.",
      "type": "object",
      "required": [
        "user_error"
      ],
      "properties": {
        "user_error": {
          "type": "string"
        }
      },
      "additionalProperties": false
    }
  ],
  "definitions": {
    "FileHashEntry": {
      "type": "object",
      "required": [
        "hash",
        "path"
      ],
      "properties": {
        "path": {
          "type": "string"
        },
        "hash": {
          "type": "string"
        }
      }
    }
  }
}