# Copyright 2018 The Fuchsia Authors. All rights reserved.
# Use of this source code is governed by a BSD-style license that can be found in the LICENSE file.
#
# WARNING: This file is machine generated by fidlgen.

# fidl_experiment = output_index_json

include <test/time/c/fidl.h>
test_time_AllInstantsInLine {
    monotonic int64
    boot int64
} [packed]
test_time_AllInstantsOutOfLine {
    void void
} [packed]
test_time_AllInstantsHandles {
    void void
} [packed]

