{
  "name": "set",
  "description": "set interface configuration\n\nConfiguration parameters and the values to be set to should be passed\nin pairs. The names of the configuration parameters are taken from\nthe structure of fuchsia.net.interfaces.admin/Configuration.\n\nThe list of supported parameters are:\n  ipv6.ndp.slaac.temporary_address_enabled\n    bool\n    Whether temporary addresses should be generated.",
  "examples": [],
  "flags": [
    {
      "kind": "Switch",
      "optionality": "optional",
      "long": "--help",
      "short": null,
      "description": "display usage information",
      "hidden": false
    }
  ],
  "notes": [],
  "commands": [],
  "positionals": [
    {
      "name": "options",
      "description": "the config parameter names and the",
      "optionality": "repeating",
      "hidden": false
    }
  ],
  "error_codes": []
}