{
  "name": "launch",
  "description": "Launch a session component.",
  "examples": [
    "To launch the `hello-world-session.cm` component as a session:\n\n    $ ffx session launch fuchsia-pkg://fuchsia.com/hello-world-session#meta/hello-world-session.cm\n"
  ],
  "flags": [
    {
      "kind": "Switch",
      "optionality": "optional",
      "long": "--help",
      "short": null,
      "description": "display usage information",
      "hidden": false
    },
    {
      "kind": {
        "Option": {
          "arg_name": "config"
        }
      },
      "optionality": "repeating",
      "long": "--config",
      "short": null,
      "description": "provide additional configuration capabilities to the component being run. Specified in the format `fully.qualified.Name=VALUE` where `fully.qualified.Name` is the name of the configuration capability, and `VALUE` is a JSON string which can be resolved as the correct type of configuration value.",
      "hidden": false
    }
  ],
  "notes": [],
  "commands": [],
  "positionals": [
    {
      "name": "url",
      "description": "the component URL of a session.",
      "optionality": "required",
      "hidden": false
    }
  ],
  "error_codes": []
}