{
  "name": "jump",
  "description": "The `fuchsia.net.filter/Action.Jump` action.",
  "examples": [],
  "flags": [
    {
      "kind": "Switch",
      "optionality": "optional",
      "long": "--help",
      "short": null,
      "description": "display usage information",
      "hidden": false
    }
  ],
  "notes": [],
  "commands": [],
  "positionals": [
    {
      "name": "target",
      "description": "the routine to jump to",
      "optionality": "required",
      "hidden": false
    }
  ],
  "error_codes": []
}