{
  "name": "redirect",
  "description": "The `fuchsia.net.filter/Action.Redirect` action. The destination port range to which to redirect the packet is optional, but --min-dst-port and --max-dst-port must either both be specified, or neither.",
  "examples": [],
  "flags": [
    {
      "kind": "Switch",
      "optionality": "optional",
      "long": "--help",
      "short": null,
      "description": "display usage information",
      "hidden": false
    },
    {
      "kind": {
        "Option": {
          "arg_name": "min-dst-port"
        }
      },
      "optionality": "optional",
      "long": "--min-dst-port",
      "short": null,
      "description": "the minimum destination port used to rewrite the packet (optional)",
      "hidden": false
    },
    {
      "kind": {
        "Option": {
          "arg_name": "max-dst-port"
        }
      },
      "optionality": "optional",
      "long": "--max-dst-port",
      "short": null,
      "description": "the maximum destination port used to rewrite the packet (optional)",
      "hidden": false
    }
  ],
  "notes": [],
  "commands": [],
  "positionals": [],
  "error_codes": []
}