{
  "name": "shell",
  "description": "Launch the scrutiny shell",
  "examples": [
    "To start an interactive shell session:\n\n    $ ffx scrutiny shell\n\nTo run commands directly:\n\n    $ ffx scrutiny shell \"tool.blobfs.extract --input <path> --output <path>\"\n    "
  ],
  "flags": [
    {
      "kind": "Switch",
      "optionality": "optional",
      "long": "--help",
      "short": null,
      "description": "display usage information",
      "hidden": false
    }
  ],
  "notes": [
    "Runs a command in scrutiny. Deprecated for the more specific scrutiny methods."
  ],
  "commands": [],
  "positionals": [
    {
      "name": "command",
      "description": "",
      "optionality": "required",
      "hidden": false
    }
  ],
  "error_codes": []
}