{
  "name": "list",
  "description": "Lists structured configuration values for the specified component",
  "examples": [],
  "flags": [
    {
      "kind": "Switch",
      "optionality": "optional",
      "long": "--help",
      "short": null,
      "description": "display usage information",
      "hidden": false
    }
  ],
  "notes": [],
  "commands": [],
  "positionals": [
    {
      "name": "query",
      "description": "component URL, moniker or instance ID. Partial matches allowed.",
      "optionality": "required",
      "hidden": false
    }
  ],
  "error_codes": []
}