{
  "name": "set",
  "description": "Sets configuration capability override values for the specified component",
  "examples": [
    "To override the configuration fields `bar` and `baz` for the component `/core/ffx-laboratory:foo`:\n\n    $ ffx component config set /core/ffx-laboratory:foo bar=true baz=42\n\n    Use the reload flag to cause the component to reload the component with the override in effect:\n\n    $ ffx component config set --reload /core/ffx-laboratory:foo bar=true\n\n    To override a vector configuration field, use a comma separated list:\n\n    $ ffx component config set /core/ffx-laboratory:foo \"some_list=1, 2, 3\"\n    "
  ],
  "flags": [
    {
      "kind": "Switch",
      "optionality": "optional",
      "long": "--help",
      "short": null,
      "description": "display usage information",
      "hidden": false
    },
    {
      "kind": "Switch",
      "optionality": "optional",
      "long": "--reload",
      "short": "r",
      "description": "if enabled, component instance will be immediately reloaded so overrides take effect.",
      "hidden": false
    }
  ],
  "notes": [],
  "commands": [],
  "positionals": [
    {
      "name": "query",
      "description": "component URL, moniker or instance ID. Partial matches allowed.",
      "optionality": "required",
      "hidden": false
    },
    {
      "name": "key_values",
      "description": "key-value pairs of the configuration capability to be overridden. Takes the form 'key=\"value\"'.",
      "optionality": "repeating",
      "hidden": false
    }
  ],
  "error_codes": []
}