{
  "name": "routine",
  "description": "A command to identify a filtering routine",
  "examples": [],
  "flags": [
    {
      "kind": "Switch",
      "optionality": "optional",
      "long": "--help",
      "short": null,
      "description": "display usage information",
      "hidden": false
    },
    {
      "kind": {
        "Option": {
          "arg_name": "namespace"
        }
      },
      "optionality": "required",
      "long": "--namespace",
      "short": null,
      "description": "the namespace that contains the routine",
      "hidden": false
    },
    {
      "kind": {
        "Option": {
          "arg_name": "name"
        }
      },
      "optionality": "required",
      "long": "--name",
      "short": null,
      "description": "the name of the routine",
      "hidden": false
    }
  ],
  "notes": [],
  "commands": [],
  "positionals": [],
  "error_codes": []
}