{
  "name": "start",
  "description": "run as daemon -- normally unnecessary, as the daemon is automatically started on demand. Used primarily for debugging",
  "examples": [],
  "flags": [
    {
      "kind": "Switch",
      "optionality": "optional",
      "long": "--help",
      "short": null,
      "description": "display usage information",
      "hidden": false
    },
    {
      "kind": {
        "Option": {
          "arg_name": "path"
        }
      },
      "optionality": "optional",
      "long": "--path",
      "short": null,
      "description": "override the path the socket will be bound to",
      "hidden": false
    },
    {
      "kind": "Switch",
      "optionality": "optional",
      "long": "--background",
      "short": "b",
      "description": "runs the daemon in the background. Returns after verifying daemon connection. No-op if the daemon is already running.",
      "hidden": false
    }
  ],
  "notes": [],
  "commands": [],
  "positionals": [],
  "error_codes": []
}