{
  "name": "list",
  "description": "Retrieves the status of the repository server. If server is running will also return socket address. Note that all repositories under `ffx repository list` will be running as subpaths at the returned address.",
  "examples": [],
  "flags": [
    {
      "kind": "Switch",
      "optionality": "optional",
      "long": "--help",
      "short": null,
      "description": "display usage information",
      "hidden": false
    },
    {
      "kind": "Switch",
      "optionality": "optional",
      "long": "--full",
      "short": null,
      "description": "long version of output.",
      "hidden": false
    },
    {
      "kind": {
        "Option": {
          "arg_name": "name"
        }
      },
      "optionality": "repeating",
      "long": "--name",
      "short": null,
      "description": "limit output to provided name. This option can appear multiple times",
      "hidden": false
    }
  ],
  "notes": [],
  "commands": [],
  "positionals": [],
  "error_codes": []
}