{
  "name": "stop",
  "description": "Stops the repository server",
  "examples": [],
  "flags": [
    {
      "kind": "Switch",
      "optionality": "optional",
      "long": "--help",
      "short": null,
      "description": "display usage information",
      "hidden": false
    },
    {
      "kind": "Switch",
      "optionality": "optional",
      "long": "--all",
      "short": null,
      "description": "stop all repository servers.",
      "hidden": false
    },
    {
      "kind": {
        "Option": {
          "arg_name": "product-bundle"
        }
      },
      "optionality": "optional",
      "long": "--product-bundle",
      "short": null,
      "description": "stop servers serving the product bundle location.",
      "hidden": false
    }
  ],
  "notes": [],
  "commands": [],
  "positionals": [
    {
      "name": "name",
      "description": "stop the repository server with the given name.",
      "optionality": "optional",
      "hidden": false
    }
  ],
  "error_codes": []
}